// Jest Snapshot v1, https://goo.gl/fbAQLP

exports[`use property matchers 1`] = `
Object {
  "createdAt": Any<Date>,
  "id": Any<Number>,
  "name": "Bob",
}
`;
